R&D6@DESKTOP-OV0C05D MINGW64 ~/desktop/gitbasics (master)
$ cd

R&D6@DESKTOP-OV0C05D MINGW64 ~
$ cd desktop

R&D6@DESKTOP-OV0C05D MINGW64 ~/desktop
$ cd gitbasics

R&D6@DESKTOP-OV0C05D MINGW64 ~/desktop/gitbasics (master)
$ pwd
/c/Users/R&D6/desktop/gitbasics

R&D6@DESKTOP-OV0C05D MINGW64 ~/desktop/gitbasics (master)
$ touch alia.txt

R&D6@DESKTOP-OV0C05D MINGW64 ~/desktop/gitbasics (master)
$ nano alia.txt

R&D6@DESKTOP-OV0C05D MINGW64 ~/desktop/gitbasics (master)
$ git init
Reinitialized existing Git repository in C:/Users/R&D6/Desktop/gitbasics/.git/

R&D6@DESKTOP-OV0C05D MINGW64 ~/desktop/gitbasics (master)
$ git -a
unknown option: -a
usage: git [--version] [--help] [-C <path>] [-c <name>=<value>]
           [--exec-path[=<path>]] [--html-path] [--man-path] [--info-path]
           [-p | --paginate | -P | --no-pager] [--no-replace-objects] [--bare]
           [--git-dir=<path>] [--work-tree=<path>] [--namespace=<name>]
           <command> [<args>]

R&D6@DESKTOP-OV0C05D MINGW64 ~/desktop/gitbasics (master)
$ git config user.name "angelhumera"

R&D6@DESKTOP-OV0C05D MINGW64 ~/desktop/gitbasics (master)
$ git config user.name "angelhummuk@gmail.com"

R&D6@DESKTOP-OV0C05D MINGW64 ~/desktop/gitbasics (master)
$ git remote add gitbasics https://github.com/angelhumera/gitbasics
fatal: remote gitbasics already exists.

R&D6@DESKTOP-OV0C05D MINGW64 ~/desktop/gitbasics (master)
$ git remote -v
gitbasics       https://github.com/angelhumera/gitbasics (fetch)
gitbasics       https://github.com/angelhumera/gitbasics (push)

R&D6@DESKTOP-OV0C05D MINGW64 ~/desktop/gitbasics (master)
$ git status
On branch master
Your branch is up to date with 'gitbasics/master'.

Changes not staged for commit:
  (use "git add/rm <file>..." to update what will be committed)
  (use "git restore <file>..." to discard changes in working directory)
        deleted:    sample1.txt

Untracked files:
  (use "git add <file>..." to include in what will be committed)
        alia.txt
        push.txt

no changes added to commit (use "git add" and/or "git commit -a")

R&D6@DESKTOP-OV0C05D MINGW64 ~/desktop/gitbasics (master)
$ git add status
fatal: pathspec 'status' did not match any files

R&D6@DESKTOP-OV0C05D MINGW64 ~/desktop/gitbasics (master)
$ git add alia.txt
warning: LF will be replaced by CRLF in alia.txt.
The file will have its original line endings in your working directory

R&D6@DESKTOP-OV0C05D MINGW64 ~/desktop/gitbasics (master)
$ git commit -m "uploading"
[master c78d920] uploading
 1 file changed, 1 insertion(+)
 create mode 100644 alia.txt

R&D6@DESKTOP-OV0C05D MINGW64 ~/desktop/gitbasics (master)
$ git log
commit c78d920bfa003d5fbe55511aa53e268a7b125a48 (HEAD -> master)
Author: angelhummuk@gmail.com <angelhummuk@gmail.com>
Date:   Fri Aug 30 15:42:25 2019 -0700

    uploading

commit 5aa0b33121c70eaee09a3f4728d97180e3155bd7 (gitbasics/master)
Author: angelhumera <54699768+angelhumera@users.noreply.github.com>
Date:   Fri Aug 30 01:56:27 2019 -0700

    Create README.md

commit f0b610653443d0fb454d17ce9460b76528ec0eb7
Author: angelhumera <angelhummuk@gmail.com>
Date:   Fri Aug 30 01:21:27 2019 -0700

    seeing

R&D6@DESKTOP-OV0C05D MINGW64 ~/desktop/gitbasics (master)
$ git log
commit c78d920bfa003d5fbe55511aa53e268a7b125a48 (HEAD -> master)
Author: angelhummuk@gmail.com <angelhummuk@gmail.com>
Date:   Fri Aug 30 15:42:25 2019 -0700

    uploading

commit 5aa0b33121c70eaee09a3f4728d97180e3155bd7 (gitbasics/master)
Author: angelhumera <54699768+angelhumera@users.noreply.github.com>
Date:   Fri Aug 30 01:56:27 2019 -0700

    Create README.md

commit f0b610653443d0fb454d17ce9460b76528ec0eb7
Author: angelhumera <angelhummuk@gmail.com>
Date:   Fri Aug 30 01:21:27 2019 -0700

    seeing

R&D6@DESKTOP-OV0C05D MINGW64 ~/desktop/gitbasics (master)
$ git commit -m "uploading"
On branch master
Your branch is ahead of 'gitbasics/master' by 1 commit.
  (use "git push" to publish your local commits)

Changes not staged for commit:
        deleted:    sample1.txt

Untracked files:
        push.txt

no changes added to commit

R&D6@DESKTOP-OV0C05D MINGW64 ~/desktop/gitbasics (master)
$ git log
commit c78d920bfa003d5fbe55511aa53e268a7b125a48 (HEAD -> master)
Author: angelhummuk@gmail.com <angelhummuk@gmail.com>
Date:   Fri Aug 30 15:42:25 2019 -0700

    uploading

commit 5aa0b33121c70eaee09a3f4728d97180e3155bd7 (gitbasics/master)
Author: angelhumera <54699768+angelhumera@users.noreply.github.com>
Date:   Fri Aug 30 01:56:27 2019 -0700

    Create README.md

commit f0b610653443d0fb454d17ce9460b76528ec0eb7
Author: angelhumera <angelhummuk@gmail.com>
Date:   Fri Aug 30 01:21:27 2019 -0700

    seeing

R&D6@DESKTOP-OV0C05D MINGW64 ~/desktop/gitbasics (master)
$ git push -u gitbasiscs master
fatal: 'gitbasiscs' does not appear to be a git repository
fatal: Could not read from remote repository.

Please make sure you have the correct access rights
and the repository exists.

R&D6@DESKTOP-OV0C05D MINGW64 ~/desktop/gitbasics (master)
$ git pull -u gitbasiscs master
error: unknown switch `u'
usage: git pull [<options>] [<repository> [<refspec>...]]

    -v, --verbose         be more verbose
    -q, --quiet           be more quiet
    --progress            force progress reporting
    --recurse-submodules[=<on-demand>]
                          control for recursive fetching of submodules

Options related to merging
    -r, --rebase[=(false|true|merges|preserve|interactive)]
                          incorporate changes by rebasing rather than merging
    -n                    do not show a diffstat at the end of the merge
    --stat                show a diffstat at the end of the merge
    --log[=<n>]           add (at most <n>) entries from shortlog to merge commit message
    --signoff[=...]       add Signed-off-by:
    --squash              create a single commit instead of doing a merge
    --commit              perform a commit if the merge succeeds (default)
    --edit                edit message before committing
    --cleanup <mode>      how to strip spaces and #comments from message
    --ff                  allow fast-forward
    --ff-only             abort if fast-forward is not possible
    --verify-signatures   verify that the named commit has a valid GPG signature
    --autostash           automatically stash/stash pop before and after rebase
    -s, --strategy <strategy>
                          merge strategy to use
    -X, --strategy-option <option=value>
                          option for selected merge strategy
    -S, --gpg-sign[=<key-id>]
                          GPG sign commit
    --allow-unrelated-histories
                          allow merging unrelated histories

Options related to fetching
    --all                 fetch from all remotes
    -a, --append          append to .git/FETCH_HEAD instead of overwriting
    --upload-pack <path>  path to upload pack on remote end
    -f, --force           force overwrite of local branch
    -t, --tags            fetch all tags and associated objects
    -p, --prune           prune remote-tracking branches no longer on remote
    -j, --jobs[=<n>]      number of submodules pulled in parallel
    --dry-run             dry run
    -k, --keep            keep downloaded pack
    --depth <depth>       deepen history of shallow clone
    --unshallow           convert to a complete repository
    --update-shallow      accept refs that update .git/shallow
    --refmap <refmap>     specify fetch refmap
    -4, --ipv4            use IPv4 addresses only
    -6, --ipv6            use IPv6 addresses only
    --show-forced-updates
                          check for forced-updates on all updated branches


R&D6@DESKTOP-OV0C05D MINGW64 ~/desktop/gitbasics (master)
$ git status
On branch master
Your branch is ahead of 'gitbasics/master' by 1 commit.
  (use "git push" to publish your local commits)

Changes not staged for commit:
  (use "git add/rm <file>..." to update what will be committed)
  (use "git restore <file>..." to discard changes in working directory)
        deleted:    sample1.txt

Untracked files:
  (use "git add <file>..." to include in what will be committed)
        push.txt

no changes added to commit (use "git add" and/or "git commit -a")

R&D6@DESKTOP-OV0C05D MINGW64 ~/desktop/gitbasics (master)
$ git add alia.txt

R&D6@DESKTOP-OV0C05D MINGW64 ~/desktop/gitbasics (master)
$ git commit -m "uploading"
On branch master
Your branch is ahead of 'gitbasics/master' by 1 commit.
  (use "git push" to publish your local commits)

Changes not staged for commit:
        deleted:    sample1.txt

Untracked files:
        push.txt

no changes added to commit

R&D6@DESKTOP-OV0C05D MINGW64 ~/desktop/gitbasics (master)
$ git log
commit c78d920bfa003d5fbe55511aa53e268a7b125a48 (HEAD -> master)
Author: angelhummuk@gmail.com <angelhummuk@gmail.com>
Date:   Fri Aug 30 15:42:25 2019 -0700

    uploading

commit 5aa0b33121c70eaee09a3f4728d97180e3155bd7 (gitbasics/master)
Author: angelhumera <54699768+angelhumera@users.noreply.github.com>
Date:   Fri Aug 30 01:56:27 2019 -0700

    Create README.md

commit f0b610653443d0fb454d17ce9460b76528ec0eb7
Author: angelhumera <angelhummuk@gmail.com>
Date:   Fri Aug 30 01:21:27 2019 -0700

    seeing

R&D6@DESKTOP-OV0C05D MINGW64 ~/desktop/gitbasics (master)
$ git commit -m "uploading"
On branch master
Your branch is ahead of 'gitbasics/master' by 1 commit.
  (use "git push" to publish your local commits)

Changes not staged for commit:
        deleted:    sample1.txt

Untracked files:
        push.txt

no changes added to commit

R&D6@DESKTOP-OV0C05D MINGW64 ~/desktop/gitbasics (master)
$ git log
commit c78d920bfa003d5fbe55511aa53e268a7b125a48 (HEAD -> master)
Author: angelhummuk@gmail.com <angelhummuk@gmail.com>
Date:   Fri Aug 30 15:42:25 2019 -0700

    uploading

commit 5aa0b33121c70eaee09a3f4728d97180e3155bd7 (gitbasics/master)
Author: angelhumera <54699768+angelhumera@users.noreply.github.com>
Date:   Fri Aug 30 01:56:27 2019 -0700

    Create README.md

commit f0b610653443d0fb454d17ce9460b76528ec0eb7
Author: angelhumera <angelhummuk@gmail.com>
Date:   Fri Aug 30 01:21:27 2019 -0700

    seeing

R&D6@DESKTOP-OV0C05D MINGW64 ~/desktop/gitbasics (master)
$ git push -u gitbasiscs master
fatal: 'gitbasiscs' does not appear to be a git repository
fatal: Could not read from remote repository.

Please make sure you have the correct access rights
and the repository exists.

R&D6@DESKTOP-OV0C05D MINGW64 ~/desktop/gitbasics (master)
$ git remote add gitbasics https://github.com/angelhumera/gitbasics
fatal: remote gitbasics already exists.

R&D6@DESKTOP-OV0C05D MINGW64 ~/desktop/gitbasics (master)
$ git remote -v
gitbasics       https://github.com/angelhumera/gitbasics (fetch)
gitbasics       https://github.com/angelhumera/gitbasics (push)

R&D6@DESKTOP-OV0C05D MINGW64 ~/desktop/gitbasics (master)
$ git status
On branch master
Your branch is ahead of 'gitbasics/master' by 1 commit.
  (use "git push" to publish your local commits)

Changes not staged for commit:
  (use "git add/rm <file>..." to update what will be committed)
  (use "git restore <file>..." to discard changes in working directory)
        deleted:    sample1.txt

Untracked files:
  (use "git add <file>..." to include in what will be committed)
        push.txt

no changes added to commit (use "git add" and/or "git commit -a")

R&D6@DESKTOP-OV0C05D MINGW64 ~/desktop/gitbasics (master)
$ git add alia.txt

R&D6@DESKTOP-OV0C05D MINGW64 ~/desktop/gitbasics (master)
$ git commit -m "uploading"
On branch master
Your branch is ahead of 'gitbasics/master' by 1 commit.
  (use "git push" to publish your local commits)

Changes not staged for commit:
        deleted:    sample1.txt

Untracked files:
        push.txt

no changes added to commit

R&D6@DESKTOP-OV0C05D MINGW64 ~/desktop/gitbasics (master)
$ git log
commit c78d920bfa003d5fbe55511aa53e268a7b125a48 (HEAD -> master)
Author: angelhummuk@gmail.com <angelhummuk@gmail.com>
Date:   Fri Aug 30 15:42:25 2019 -0700

    uploading

commit 5aa0b33121c70eaee09a3f4728d97180e3155bd7 (gitbasics/master)
Author: angelhumera <54699768+angelhumera@users.noreply.github.com>
Date:   Fri Aug 30 01:56:27 2019 -0700

    Create README.md

commit f0b610653443d0fb454d17ce9460b76528ec0eb7
Author: angelhumera <angelhummuk@gmail.com>
Date:   Fri Aug 30 01:21:27 2019 -0700

    seeing

R&D6@DESKTOP-OV0C05D MINGW64 ~/desktop/gitbasics (master)
$ git push -u gitbasics master
Enumerating objects: 4, done.
Counting objects: 100% (4/4), done.
Delta compression using up to 4 threads
Compressing objects: 100% (2/2), done.
Writing objects: 100% (3/3), 379 bytes | 379.00 KiB/s, done.
Total 3 (delta 0), reused 0 (delta 0)
To https://github.com/angelhumera/gitbasics
   5aa0b33..c78d920  master -> master
Branch 'master' set up to track remote branch 'master' from 'gitbasics'.

R&D6@DESKTOP-OV0C05D MINGW64 ~/desktop/gitbasics (master)
$ git pull -u gitbasics matter
error: unknown switch `u'
usage: git pull [<options>] [<repository> [<refspec>...]]

    -v, --verbose         be more verbose
    -q, --quiet           be more quiet
    --progress            force progress reporting
    --recurse-submodules[=<on-demand>]
                          control for recursive fetching of submodules

Options related to merging
    -r, --rebase[=(false|true|merges|preserve|interactive)]
                          incorporate changes by rebasing rather than merging
    -n                    do not show a diffstat at the end of the merge
    --stat                show a diffstat at the end of the merge
    --log[=<n>]           add (at most <n>) entries from shortlog to merge commit message
    --signoff[=...]       add Signed-off-by:
    --squash              create a single commit instead of doing a merge
    --commit              perform a commit if the merge succeeds (default)
    --edit                edit message before committing
    --cleanup <mode>      how to strip spaces and #comments from message
    --ff                  allow fast-forward
    --ff-only             abort if fast-forward is not possible
    --verify-signatures   verify that the named commit has a valid GPG signature
    --autostash           automatically stash/stash pop before and after rebase
    -s, --strategy <strategy>
                          merge strategy to use
    -X, --strategy-option <option=value>
                          option for selected merge strategy
    -S, --gpg-sign[=<key-id>]
                          GPG sign commit
    --allow-unrelated-histories
                          allow merging unrelated histories

Options related to fetching
    --all                 fetch from all remotes
    -a, --append          append to .git/FETCH_HEAD instead of overwriting
    --upload-pack <path>  path to upload pack on remote end
    -f, --force           force overwrite of local branch
    -t, --tags            fetch all tags and associated objects
    -p, --prune           prune remote-tracking branches no longer on remote
    -j, --jobs[=<n>]      number of submodules pulled in parallel
    --dry-run             dry run
    -k, --keep            keep downloaded pack
    --depth <depth>       deepen history of shallow clone
    --unshallow           convert to a complete repository
    --update-shallow      accept refs that update .git/shallow
    --refmap <refmap>     specify fetch refmap
    -4, --ipv4            use IPv4 addresses only
    -6, --ipv6            use IPv6 addresses only
    --show-forced-updates
                          check for forced-updates on all updated branches


R&D6@DESKTOP-OV0C05D MINGW64 ~/desktop/gitbasics (master)
$